  Camera.cpp
  DisplayChunk.cpp
B:\Unity Engine Projects\ToolsProgramming\Tools_Programming\Week 6\WFFC-Edit-master\WOFFCEdit\Camera.cpp(70,22): warning C4244: '=': conversion from 'int' to 'float', possible loss of data
B:\Unity Engine Projects\ToolsProgramming\Tools_Programming\Week 6\WFFC-Edit-master\WOFFCEdit\Camera.cpp(71,22): warning C4244: '=': conversion from 'int' to 'float', possible loss of data
B:\Unity Engine Projects\ToolsProgramming\Tools_Programming\Week 6\WFFC-Edit-master\WOFFCEdit\Camera.cpp(83,21): warning C4244: '=': conversion from 'int' to 'float', possible loss of data
B:\Unity Engine Projects\ToolsProgramming\Tools_Programming\Week 6\WFFC-Edit-master\WOFFCEdit\Camera.cpp(84,21): warning C4244: '=': conversion from 'int' to 'float', possible loss of data
B:\Unity Engine Projects\ToolsProgramming\Tools_Programming\Week 6\WFFC-Edit-master\WOFFCEdit\Camera.cpp(99,27): warning C4244: 'argument': conversion from 'double' to 'float', possible loss of data
B:\Unity Engine Projects\ToolsProgramming\Tools_Programming\Week 6\WFFC-Edit-master\WOFFCEdit\Camera.cpp(98,98): warning C4244: 'argument': conversion from 'double' to 'float', possible loss of data
B:\Unity Engine Projects\ToolsProgramming\Tools_Programming\Week 6\WFFC-Edit-master\WOFFCEdit\Camera.cpp(98,66): warning C4244: 'argument': conversion from 'double' to 'float', possible loss of data
B:\Unity Engine Projects\ToolsProgramming\Tools_Programming\Week 6\WFFC-Edit-master\WOFFCEdit\DisplayChunk.cpp(14,27): warning C4305: '=': truncation from 'double' to 'float'
B:\Unity Engine Projects\ToolsProgramming\Tools_Programming\Week 6\WFFC-Edit-master\WOFFCEdit\DisplayChunk.cpp(15,49): warning C4244: '=': conversion from 'int' to 'float', possible loss of data
B:\Unity Engine Projects\ToolsProgramming\Tools_Programming\Week 6\WFFC-Edit-master\WOFFCEdit\DisplayChunk.cpp(73,36): warning C4267: '=': conversion from 'size_t' to 'int', possible loss of data
B:\Unity Engine Projects\ToolsProgramming\Tools_Programming\Week 6\WFFC-Edit-master\WOFFCEdit\DisplayChunk.cpp(74,185): warning C4244: 'argument': conversion from 'double' to 'float', possible loss of data
B:\Unity Engine Projects\ToolsProgramming\Tools_Programming\Week 6\WFFC-Edit-master\WOFFCEdit\DisplayChunk.cpp(74,81): warning C4244: 'argument': conversion from 'double' to 'float', possible loss of data
B:\Unity Engine Projects\ToolsProgramming\Tools_Programming\Week 6\WFFC-Edit-master\WOFFCEdit\DisplayChunk.cpp(94,10): warning C4996: 'fopen': This function or variable may be unsafe. Consider using fopen_s instead. To disable deprecation, use _CRT_SECURE_NO_WARNINGS. See online help for details.
B:\Unity Engine Projects\ToolsProgramming\Tools_Programming\Week 6\WFFC-Edit-master\WOFFCEdit\DisplayChunk.cpp(152,10): warning C4996: 'fopen': This function or variable may be unsafe. Consider using fopen_s instead. To disable deprecation, use _CRT_SECURE_NO_WARNINGS. See online help for details.
B:\Unity Engine Projects\ToolsProgramming\Tools_Programming\Week 6\WFFC-Edit-master\WOFFCEdit\DisplayChunk.cpp(174,36): warning C4267: '=': conversion from 'size_t' to 'int', possible loss of data
B:\Unity Engine Projects\ToolsProgramming\Tools_Programming\Week 6\WFFC-Edit-master\WOFFCEdit\DisplayChunk.cpp(189,30): warning C4101: 'index4': unreferenced local variable
B:\Unity Engine Projects\ToolsProgramming\Tools_Programming\Week 6\WFFC-Edit-master\WOFFCEdit\DisplayChunk.cpp(189,14): warning C4101: 'index2': unreferenced local variable
B:\Unity Engine Projects\ToolsProgramming\Tools_Programming\Week 6\WFFC-Edit-master\WOFFCEdit\DisplayChunk.cpp(189,22): warning C4101: 'index3': unreferenced local variable
B:\Unity Engine Projects\ToolsProgramming\Tools_Programming\Week 6\WFFC-Edit-master\WOFFCEdit\DisplayChunk.cpp(189,6): warning C4101: 'index1': unreferenced local variable
  Game.cpp
B:\Unity Engine Projects\ToolsProgramming\Tools_Programming\Week 6\WFFC-Edit-master\WOFFCEdit\Game.cpp(29,16): warning C4305: '=': truncation from 'double' to 'float'
B:\Unity Engine Projects\ToolsProgramming\Tools_Programming\Week 6\WFFC-Edit-master\WOFFCEdit\Game.cpp(211,23): warning C4267: 'initializing': conversion from 'size_t' to 'int', possible loss of data
B:\Unity Engine Projects\ToolsProgramming\Tools_Programming\Week 6\WFFC-Edit-master\WOFFCEdit\Game.cpp(221,57): warning C4244: 'argument': conversion from 'double' to 'float', possible loss of data
B:\Unity Engine Projects\ToolsProgramming\Tools_Programming\Week 6\WFFC-Edit-master\WOFFCEdit\Game.cpp(220,57): warning C4244: 'argument': conversion from 'double' to 'float', possible loss of data
B:\Unity Engine Projects\ToolsProgramming\Tools_Programming\Week 6\WFFC-Edit-master\WOFFCEdit\Game.cpp(219,97): warning C4244: 'argument': conversion from 'double' to 'float', possible loss of data
B:\Unity Engine Projects\ToolsProgramming\Tools_Programming\Week 6\WFFC-Edit-master\WOFFCEdit\Game.cpp(205,10): warning C4101: 'Buffer': unreferenced local variable
B:\Unity Engine Projects\ToolsProgramming\Tools_Programming\Week 6\WFFC-Edit-master\WOFFCEdit\Game.cpp(357,17): warning C4267: 'initializing': conversion from 'size_t' to 'int', possible loss of data
B:\Unity Engine Projects\ToolsProgramming\Tools_Programming\Week 6\WFFC-Edit-master\WOFFCEdit\Game.cpp(578,33): warning C4244: '=': conversion from 'int' to 'float', possible loss of data
B:\Unity Engine Projects\ToolsProgramming\Tools_Programming\Week 6\WFFC-Edit-master\WOFFCEdit\Game.cpp(579,33): warning C4244: '=': conversion from 'int' to 'float', possible loss of data
B:\Unity Engine Projects\ToolsProgramming\Tools_Programming\Week 6\WFFC-Edit-master\WOFFCEdit\Game.cpp(591,32): warning C4244: '=': conversion from 'int' to 'float', possible loss of data
B:\Unity Engine Projects\ToolsProgramming\Tools_Programming\Week 6\WFFC-Edit-master\WOFFCEdit\Game.cpp(592,32): warning C4244: '=': conversion from 'int' to 'float', possible loss of data
B:\Unity Engine Projects\ToolsProgramming\Tools_Programming\Week 6\WFFC-Edit-master\WOFFCEdit\Game.cpp(602,81): warning C4244: 'argument': conversion from 'int' to 'float', possible loss of data
B:\Unity Engine Projects\ToolsProgramming\Tools_Programming\Week 6\WFFC-Edit-master\WOFFCEdit\Game.cpp(602,57): warning C4244: 'argument': conversion from 'int' to 'float', possible loss of data
B:\Unity Engine Projects\ToolsProgramming\Tools_Programming\Week 6\WFFC-Edit-master\WOFFCEdit\Game.cpp(603,80): warning C4244: 'argument': conversion from 'int' to 'float', possible loss of data
B:\Unity Engine Projects\ToolsProgramming\Tools_Programming\Week 6\WFFC-Edit-master\WOFFCEdit\Game.cpp(603,56): warning C4244: 'argument': conversion from 'int' to 'float', possible loss of data
B:\Unity Engine Projects\ToolsProgramming\Tools_Programming\Week 6\WFFC-Edit-master\WOFFCEdit\Game.cpp(614,46): warning C4244: 'argument': conversion from 'double' to 'float', possible loss of data
B:\Unity Engine Projects\ToolsProgramming\Tools_Programming\Week 6\WFFC-Edit-master\WOFFCEdit\Game.cpp(613,147): warning C4244: 'argument': conversion from 'double' to 'float', possible loss of data
B:\Unity Engine Projects\ToolsProgramming\Tools_Programming\Week 6\WFFC-Edit-master\WOFFCEdit\Game.cpp(613,98): warning C4244: 'argument': conversion from 'double' to 'float', possible loss of data
B:\Unity Engine Projects\ToolsProgramming\Tools_Programming\Week 6\WFFC-Edit-master\WOFFCEdit\Game.cpp(620,111): warning C4244: 'argument': conversion from 'LONG' to 'float', possible loss of data
B:\Unity Engine Projects\ToolsProgramming\Tools_Programming\Week 6\WFFC-Edit-master\WOFFCEdit\Game.cpp(620,85): warning C4244: 'argument': conversion from 'LONG' to 'float', possible loss of data
B:\Unity Engine Projects\ToolsProgramming\Tools_Programming\Week 6\WFFC-Edit-master\WOFFCEdit\Game.cpp(622,109): warning C4244: 'argument': conversion from 'LONG' to 'float', possible loss of data
B:\Unity Engine Projects\ToolsProgramming\Tools_Programming\Week 6\WFFC-Edit-master\WOFFCEdit\Game.cpp(622,83): warning C4244: 'argument': conversion from 'LONG' to 'float', possible loss of data
  MFCFrame.cpp
  _WIN32_WINNT not defined. Defaulting to _WIN32_WINNT_MAXVER (see WinSDKVer.h)
  MFCMain.cpp
  _WIN32_WINNT not defined. Defaulting to _WIN32_WINNT_MAXVER (see WinSDKVer.h)
  Main.cpp
  _WIN32_WINNT not defined. Defaulting to _WIN32_WINNT_MAXVER (see WinSDKVer.h)
  ToolMain.cpp
  _WIN32_WINNT not defined. Defaulting to _WIN32_WINNT_MAXVER (see WinSDKVer.h)
B:\Unity Engine Projects\ToolsProgramming\Tools_Programming\Week 6\WFFC-Edit-master\WOFFCEdit\ToolMain.cpp(95,46): warning C4244: '=': conversion from 'double' to 'float', possible loss of data
B:\Unity Engine Projects\ToolsProgramming\Tools_Programming\Week 6\WFFC-Edit-master\WOFFCEdit\ToolMain.cpp(96,46): warning C4244: '=': conversion from 'double' to 'float', possible loss of data
B:\Unity Engine Projects\ToolsProgramming\Tools_Programming\Week 6\WFFC-Edit-master\WOFFCEdit\ToolMain.cpp(97,46): warning C4244: '=': conversion from 'double' to 'float', possible loss of data
B:\Unity Engine Projects\ToolsProgramming\Tools_Programming\Week 6\WFFC-Edit-master\WOFFCEdit\ToolMain.cpp(98,46): warning C4244: '=': conversion from 'double' to 'float', possible loss of data
B:\Unity Engine Projects\ToolsProgramming\Tools_Programming\Week 6\WFFC-Edit-master\WOFFCEdit\ToolMain.cpp(99,46): warning C4244: '=': conversion from 'double' to 'float', possible loss of data
B:\Unity Engine Projects\ToolsProgramming\Tools_Programming\Week 6\WFFC-Edit-master\WOFFCEdit\ToolMain.cpp(100,46): warning C4244: '=': conversion from 'double' to 'float', possible loss of data
B:\Unity Engine Projects\ToolsProgramming\Tools_Programming\Week 6\WFFC-Edit-master\WOFFCEdit\ToolMain.cpp(101,46): warning C4244: '=': conversion from 'double' to 'float', possible loss of data
B:\Unity Engine Projects\ToolsProgramming\Tools_Programming\Week 6\WFFC-Edit-master\WOFFCEdit\ToolMain.cpp(102,46): warning C4244: '=': conversion from 'double' to 'float', possible loss of data
B:\Unity Engine Projects\ToolsProgramming\Tools_Programming\Week 6\WFFC-Edit-master\WOFFCEdit\ToolMain.cpp(103,46): warning C4244: '=': conversion from 'double' to 'float', possible loss of data
B:\Unity Engine Projects\ToolsProgramming\Tools_Programming\Week 6\WFFC-Edit-master\WOFFCEdit\ToolMain.cpp(115,48): warning C4244: '=': conversion from 'double' to 'float', possible loss of data
B:\Unity Engine Projects\ToolsProgramming\Tools_Programming\Week 6\WFFC-Edit-master\WOFFCEdit\ToolMain.cpp(116,48): warning C4244: '=': conversion from 'double' to 'float', possible loss of data
B:\Unity Engine Projects\ToolsProgramming\Tools_Programming\Week 6\WFFC-Edit-master\WOFFCEdit\ToolMain.cpp(117,48): warning C4244: '=': conversion from 'double' to 'float', possible loss of data
B:\Unity Engine Projects\ToolsProgramming\Tools_Programming\Week 6\WFFC-Edit-master\WOFFCEdit\ToolMain.cpp(121,48): warning C4244: '=': conversion from 'double' to 'float', possible loss of data
B:\Unity Engine Projects\ToolsProgramming\Tools_Programming\Week 6\WFFC-Edit-master\WOFFCEdit\ToolMain.cpp(122,47): warning C4244: '=': conversion from 'double' to 'float', possible loss of data
B:\Unity Engine Projects\ToolsProgramming\Tools_Programming\Week 6\WFFC-Edit-master\WOFFCEdit\ToolMain.cpp(123,42): warning C4244: '=': conversion from 'int' to 'float', possible loss of data
B:\Unity Engine Projects\ToolsProgramming\Tools_Programming\Week 6\WFFC-Edit-master\WOFFCEdit\ToolMain.cpp(127,50): warning C4244: '=': conversion from 'double' to 'int', possible loss of data
B:\Unity Engine Projects\ToolsProgramming\Tools_Programming\Week 6\WFFC-Edit-master\WOFFCEdit\ToolMain.cpp(128,50): warning C4244: '=': conversion from 'double' to 'int', possible loss of data
B:\Unity Engine Projects\ToolsProgramming\Tools_Programming\Week 6\WFFC-Edit-master\WOFFCEdit\ToolMain.cpp(138,57): warning C4244: '=': conversion from 'double' to 'float', possible loss of data
B:\Unity Engine Projects\ToolsProgramming\Tools_Programming\Week 6\WFFC-Edit-master\WOFFCEdit\ToolMain.cpp(139,57): warning C4244: '=': conversion from 'double' to 'float', possible loss of data
B:\Unity Engine Projects\ToolsProgramming\Tools_Programming\Week 6\WFFC-Edit-master\WOFFCEdit\ToolMain.cpp(140,57): warning C4244: '=': conversion from 'double' to 'float', possible loss of data
B:\Unity Engine Projects\ToolsProgramming\Tools_Programming\Week 6\WFFC-Edit-master\WOFFCEdit\ToolMain.cpp(141,58): warning C4244: '=': conversion from 'double' to 'float', possible loss of data
B:\Unity Engine Projects\ToolsProgramming\Tools_Programming\Week 6\WFFC-Edit-master\WOFFCEdit\ToolMain.cpp(142,58): warning C4244: '=': conversion from 'double' to 'float', possible loss of data
B:\Unity Engine Projects\ToolsProgramming\Tools_Programming\Week 6\WFFC-Edit-master\WOFFCEdit\ToolMain.cpp(143,58): warning C4244: '=': conversion from 'double' to 'float', possible loss of data
B:\Unity Engine Projects\ToolsProgramming\Tools_Programming\Week 6\WFFC-Edit-master\WOFFCEdit\ToolMain.cpp(144,59): warning C4244: '=': conversion from 'double' to 'float', possible loss of data
B:\Unity Engine Projects\ToolsProgramming\Tools_Programming\Week 6\WFFC-Edit-master\WOFFCEdit\ToolMain.cpp(145,56): warning C4244: '=': conversion from 'double' to 'float', possible loss of data
B:\Unity Engine Projects\ToolsProgramming\Tools_Programming\Week 6\WFFC-Edit-master\WOFFCEdit\ToolMain.cpp(146,54): warning C4244: '=': conversion from 'double' to 'float', possible loss of data
B:\Unity Engine Projects\ToolsProgramming\Tools_Programming\Week 6\WFFC-Edit-master\WOFFCEdit\ToolMain.cpp(147,57): warning C4244: '=': conversion from 'double' to 'float', possible loss of data
B:\Unity Engine Projects\ToolsProgramming\Tools_Programming\Week 6\WFFC-Edit-master\WOFFCEdit\ToolMain.cpp(207,17): warning C4267: 'initializing': conversion from 'size_t' to 'int', possible loss of data
B:\Unity Engine Projects\ToolsProgramming\Tools_Programming\Week 6\WFFC-Edit-master\WOFFCEdit\ToolMain.cpp(295,54): warning C4244: '=': conversion from 'int' to 'float', possible loss of data
B:\Unity Engine Projects\ToolsProgramming\Tools_Programming\Week 6\WFFC-Edit-master\WOFFCEdit\ToolMain.cpp(296,51): warning C4244: '=': conversion from 'int' to 'float', possible loss of data
B:\Unity Engine Projects\ToolsProgramming\Tools_Programming\Week 6\WFFC-Edit-master\WOFFCEdit\ToolMain.cpp(297,56): warning C4244: '=': conversion from 'int' to 'float', possible loss of data
B:\Unity Engine Projects\ToolsProgramming\Tools_Programming\Week 6\WFFC-Edit-master\WOFFCEdit\ToolMain.cpp(303,51): warning C4244: '=': conversion from 'int' to 'float', possible loss of data
B:\Unity Engine Projects\ToolsProgramming\Tools_Programming\Week 6\WFFC-Edit-master\WOFFCEdit\ToolMain.cpp(304,48): warning C4244: '=': conversion from 'int' to 'float', possible loss of data
B:\Unity Engine Projects\ToolsProgramming\Tools_Programming\Week 6\WFFC-Edit-master\WOFFCEdit\ToolMain.cpp(305,53): warning C4244: '=': conversion from 'int' to 'float', possible loss of data
B:\Unity Engine Projects\ToolsProgramming\Tools_Programming\Week 6\WFFC-Edit-master\WOFFCEdit\ToolMain.cpp(311,48): warning C4244: '=': conversion from 'int' to 'float', possible loss of data
B:\Unity Engine Projects\ToolsProgramming\Tools_Programming\Week 6\WFFC-Edit-master\WOFFCEdit\ToolMain.cpp(312,45): warning C4244: '=': conversion from 'int' to 'float', possible loss of data
B:\Unity Engine Projects\ToolsProgramming\Tools_Programming\Week 6\WFFC-Edit-master\WOFFCEdit\ToolMain.cpp(313,50): warning C4244: '=': conversion from 'int' to 'float', possible loss of data
  Generating Code...
  Win32SimpleSample.vcxproj -> B:\Unity Engine Projects\ToolsProgramming\Tools_Programming\Week 6\WFFC-Edit-master\WOFFCEdit\x64\Debug\WoFEdit.exe
