b:\unity engine projects\toolsprogramming\tools_programming\week 6\wffc-edit-master\woffcedit\wofedit\x64\debug\vc143.pdb
b:\unity engine projects\toolsprogramming\tools_programming\week 6\wffc-edit-master\woffcedit\wofedit\x64\debug\vc143.idb
b:\unity engine projects\toolsprogramming\tools_programming\week 6\wffc-edit-master\woffcedit\wofedit\x64\debug\toolmain.obj
b:\unity engine projects\toolsprogramming\tools_programming\week 6\wffc-edit-master\woffcedit\wofedit\x64\debug\selectdialogue.obj
b:\unity engine projects\toolsprogramming\tools_programming\week 6\wffc-edit-master\woffcedit\wofedit\x64\debug\sceneobject.obj
b:\unity engine projects\toolsprogramming\tools_programming\week 6\wffc-edit-master\woffcedit\wofedit\x64\debug\mfcmain.obj
b:\unity engine projects\toolsprogramming\tools_programming\week 6\wffc-edit-master\woffcedit\wofedit\x64\debug\pch.obj
b:\unity engine projects\toolsprogramming\tools_programming\week 6\wffc-edit-master\woffcedit\wofedit\x64\debug\mfcrenderframe.obj
b:\unity engine projects\toolsprogramming\tools_programming\week 6\wffc-edit-master\woffcedit\wofedit\x64\debug\mfcframe.obj
b:\unity engine projects\toolsprogramming\tools_programming\week 6\wffc-edit-master\woffcedit\wofedit\x64\debug\main.obj
b:\unity engine projects\toolsprogramming\tools_programming\week 6\wffc-edit-master\woffcedit\wofedit\x64\debug\game.obj
b:\unity engine projects\toolsprogramming\tools_programming\week 6\wffc-edit-master\woffcedit\wofedit\x64\debug\displayobject.obj
b:\unity engine projects\toolsprogramming\tools_programming\week 6\wffc-edit-master\woffcedit\wofedit\x64\debug\displaychunk.obj
b:\unity engine projects\toolsprogramming\tools_programming\week 6\wffc-edit-master\woffcedit\wofedit\x64\debug\deviceresources.obj
b:\unity engine projects\toolsprogramming\tools_programming\week 6\wffc-edit-master\woffcedit\wofedit\x64\debug\chunkobject.obj
b:\unity engine projects\toolsprogramming\tools_programming\week 6\wffc-edit-master\woffcedit\wofedit\x64\debug\camera.obj
b:\unity engine projects\toolsprogramming\tools_programming\week 6\wffc-edit-master\woffcedit\wofedit\x64\debug\sqlite3.obj
b:\unity engine projects\toolsprogramming\tools_programming\week 6\wffc-edit-master\woffcedit\x64\debug\wofedit.exe
b:\unity engine projects\toolsprogramming\tools_programming\week 6\wffc-edit-master\woffcedit\x64\debug\wofedit.pdb
b:\unity engine projects\toolsprogramming\tools_programming\week 6\wffc-edit-master\woffcedit\wofedit\x64\debug\win32simplesample.res
b:\unity engine projects\toolsprogramming\tools_programming\week 6\wffc-edit-master\woffcedit\wofedit\x64\debug\wofedit.ilk
b:\unity engine projects\toolsprogramming\tools_programming\week 6\wffc-edit-master\woffcedit\wofedit\x64\debug\wofedit.tlog\cl.command.1.tlog
b:\unity engine projects\toolsprogramming\tools_programming\week 6\wffc-edit-master\woffcedit\wofedit\x64\debug\wofedit.tlog\cl.items.tlog
b:\unity engine projects\toolsprogramming\tools_programming\week 6\wffc-edit-master\woffcedit\wofedit\x64\debug\wofedit.tlog\cl.read.1.tlog
b:\unity engine projects\toolsprogramming\tools_programming\week 6\wffc-edit-master\woffcedit\wofedit\x64\debug\wofedit.tlog\cl.write.1.tlog
b:\unity engine projects\toolsprogramming\tools_programming\week 6\wffc-edit-master\woffcedit\wofedit\x64\debug\wofedit.tlog\link.command.1.tlog
b:\unity engine projects\toolsprogramming\tools_programming\week 6\wffc-edit-master\woffcedit\wofedit\x64\debug\wofedit.tlog\link.read.1.tlog
b:\unity engine projects\toolsprogramming\tools_programming\week 6\wffc-edit-master\woffcedit\wofedit\x64\debug\wofedit.tlog\link.secondary.1.tlog
b:\unity engine projects\toolsprogramming\tools_programming\week 6\wffc-edit-master\woffcedit\wofedit\x64\debug\wofedit.tlog\link.write.1.tlog
b:\unity engine projects\toolsprogramming\tools_programming\week 6\wffc-edit-master\woffcedit\wofedit\x64\debug\wofedit.tlog\rc.command.1.tlog
b:\unity engine projects\toolsprogramming\tools_programming\week 6\wffc-edit-master\woffcedit\wofedit\x64\debug\wofedit.tlog\rc.read.1.tlog
b:\unity engine projects\toolsprogramming\tools_programming\week 6\wffc-edit-master\woffcedit\wofedit\x64\debug\wofedit.tlog\rc.write.1.tlog
